{
    "filter_dnm": {
        "content": [
            {
                "0": [
                    "dnms_kept_after_gene_filtering.tsv:md5,5a63331984b1658f73428fcc110182e3"
                ],
                "1": [
                    "dnms_discarded_after_gene_filtering.tsv:md5,8d86ac075a96379170b2634ad802b69d"
                ]
            }
        ],
        "meta": {
            "nf-test": "0.8.4",
            "nextflow": "23.10.1"
        },
        "timestamp": "2025-01-13T19:05:48.11717393"
    }
}