{
    "Should create a gffutils database": {
        "content": [
            [
                "Homo_sapiens.GRCh37.87.DDX3X_SCN5A.gff3.db:md5,cbc348b9650e9d2093d59272f56d0bf2"
            ]
        ],
        "meta": {
            "nf-test": "0.8.4",
            "nextflow": "23.10.1"
        },
        "timestamp": "2025-01-13T19:05:21.443965759"
    }
}