{
    "simulation_OR4F5": {
        "content": [
            {
                "0": [
                    "enrichment_results.tsv:md5,dd866cc1ad7a7831bd03b7453bb01767"
                ],
                "1": [
                    
                ],
                "2": [
                    
                ],
                "dnm": [
                    
                ],
                "rates": [
                    
                ],
                "results": [
                    "enrichment_results.tsv:md5,dd866cc1ad7a7831bd03b7453bb01767"
                ]
            }
        ],
        "meta": {
            "nf-test": "0.8.4",
            "nextflow": "23.10.1"
        },
        "timestamp": "2025-01-13T19:03:12.518765097"
    }
}