{
    "sim_b37_v1_ddx3x": {
        "content": [
            {
                "0": [
                    "enrichment_results.tsv:md5,003f7d200e12a663b32c8d7e0433ae03"
                ],
                "1": [
                    
                ],
                "2": [
                    
                ],
                "dnm": [
                    
                ],
                "rates": [
                    
                ],
                "results": [
                    "enrichment_results.tsv:md5,003f7d200e12a663b32c8d7e0433ae03"
                ]
            }
        ],
        "meta": {
            "nf-test": "0.8.4",
            "nextflow": "23.10.1"
        },
        "timestamp": "2024-08-08T18:40:31.458850654"
    }
}