{
    "simulation_OR4F5": {
        "content": [
            {
                "0": [
                    "enrichment_results.tsv:md5,592f8ffcc7cca0be8a6bd44fbb527a37"
                ],
                "1": [
                    
                ],
                "2": [
                    
                ],
                "dnm": [
                    
                ],
                "rates": [
                    
                ],
                "results": [
                    "enrichment_results.tsv:md5,592f8ffcc7cca0be8a6bd44fbb527a37"
                ]
            }
        ],
        "meta": {
            "nf-test": "0.8.4",
            "nextflow": "23.10.1"
        },
        "timestamp": "2025-01-27T16:54:01.88162063"
    }
}